[Architectury Transformer DEBUG] 
[Architectury Transformer DEBUG] ============================
[Architectury Transformer DEBUG] Transforming from C:\Users\Roland Lindenfelser\Documents\Repositories\NexusCore\common\build\devlibs\nexuscore-common-1.0.0-dev.jar to C:\Users\Roland Lindenfelser\Documents\Repositories\NexusCore\common\build\libs\nexuscore-common-1.0.0-transformProductionFabric.jar
[Architectury Transformer DEBUG] ============================
[Architectury Transformer DEBUG] 
[Architectury Transformer DEBUG] Transforming 5 transformer(s) from C:\Users\Roland Lindenfelser\Documents\Repositories\NexusCore\common\build\devlibs\nexuscore-common-1.0.0-dev.jar to C:\Users\Roland Lindenfelser\Documents\Repositories\NexusCore\common\build\libs\nexuscore-common-1.0.0-transformProductionFabric.jar: 
[Architectury Transformer DEBUG]  - dev.architectury.transformer.transformers.RemapMixinVariables@17d331e6
[Architectury Transformer DEBUG]  - dev.architectury.transformer.transformers.TransformExpectPlatform@712c5722
[Architectury Transformer DEBUG]  - dev.architectury.transformer.transformers.RemapInjectables@1a133589
[Architectury Transformer DEBUG]  - AddRefmapName(enabled=dev.architectury.plugin.transformers.AddRefmapName$$Lambda/0x000000002da95720@5d9dc596)
[Architectury Transformer DEBUG]  - dev.architectury.transformer.transformers.TransformPlatformOnly@53cf83c2
[Architectury Transformer DEBUG] Transforming from C:\Users\Roland Lindenfelser\Documents\Repositories\NexusCore\common\build\devlibs\nexuscore-common-1.0.0-dev.jar to C:\Users\Roland Lindenfelser\Documents\Repositories\NexusCore\common\build\libs\nexuscore-common-1.0.0-transformProductionFabric.jar with 5 transformer(s) on dev.architectury.transformer.handler.SimpleTransformerHandler
[Architectury Transformer DEBUG] Found class transformer
[Architectury Transformer DEBUG] Writing io/github/rollylindenshnizzer/nexuscore/mixin/worldgen/RandomStateMixin with maxs=true frames=true
[Architectury Transformer DEBUG] Writing io/github/rollylindenshnizzer/nexuscore/mixin/worldgen/NoiseBasedChunkGeneratorMixin with maxs=true frames=true
[Architectury Transformer DEBUG] Writing io/github/rollylindenshnizzer/nexuscore/mixin/worldgen/ChunkGeneratorMixin with maxs=true frames=true
[Architectury Transformer DEBUG] Writing io/github/rollylindenshnizzer/nexuscore/mixin/client/WorldCreationUiStateMixin with maxs=true frames=true
[Architectury Transformer DEBUG] Writing io/github/rollylindenshnizzer/nexuscore/mixin/client/GuiGraphicsMixin with maxs=true frames=true
[Architectury Transformer DEBUG] Writing io/github/rollylindenshnizzer/nexuscore/mixin/client/GameRendererMixin with maxs=true frames=true
[Architectury Transformer DEBUG] Writing io/github/rollylindenshnizzer/nexuscore/mixin/client/EntityRendererMixin with maxs=true frames=true
[Architectury Transformer DEBUG] Writing io/github/rollylindenshnizzer/nexuscore/internal/integration/NexusIronsCreativeImplementation with maxs=true frames=true
[Architectury Transformer DEBUG] Writing io/github/rollylindenshnizzer/nexuscore/internal/integration/NexusIntegrationImplementations with maxs=true frames=true
[Architectury Transformer DEBUG] Writing io/github/rollylindenshnizzer/nexuscore/internal/integration/NexusFancyTabSectionsImplementation with maxs=true frames=true
[Architectury Transformer DEBUG] Writing io/github/rollylindenshnizzer/nexuscore/client/config/NexusDropdownWidget with maxs=true frames=true
[Architectury Transformer DEBUG] Writing io/github/rollylindenshnizzer/nexuscore/client/config/NexusConfigTextRenderer with maxs=true frames=true
[Architectury Transformer DEBUG] Writing io/github/rollylindenshnizzer/nexuscore/client/config/NexusConfigScreen with maxs=true frames=true
[Architectury Transformer DEBUG] Provided 60 classpath jar(s):
[Architectury Transformer DEBUG]  - C:\Users\Roland Lindenfelser\.gradle\caches\modules-2\files-2.1\dev.architectury\architectury-injectables\1.0.10\62db2a366d662606d1b23ad02ccc3212ed37ec3\architectury-injectables-1.0.10.jar
[Architectury Transformer DEBUG]  - C:\Users\Roland Lindenfelser\.gradle\caches\modules-2\files-2.1\net.fabricmc\fabric-loader\0.19.5\ff9e65cffca4a67f31523e1807fe0855940fcbfa\fabric-loader-0.19.5.jar
[Architectury Transformer DEBUG]  - C:\Users\Roland Lindenfelser\.gradle\caches\modules-2\files-2.1\org.jetbrains\annotations\26.0.2\c7ce3cdeda3d18909368dfe5977332dfad326c6d\annotations-26.0.2.jar
[Architectury Transformer DEBUG]  - C:\Users\Roland Lindenfelser\.gradle\caches\modules-2\files-2.1\org.ow2.asm\asm\9.10.1\ada2141c0cc52ee8f5c48cd5fa4ce0e794f22236\asm-9.10.1.jar
[Architectury Transformer DEBUG]  - C:\Users\Roland Lindenfelser\.gradle\caches\modules-2\files-2.1\org.ow2.asm\asm-analysis\9.10.1\8d49f14d51f632cb1d87c88d1ceaf50db0d8af1b\asm-analysis-9.10.1.jar
[Architectury Transformer DEBUG]  - C:\Users\Roland Lindenfelser\.gradle\caches\modules-2\files-2.1\org.ow2.asm\asm-commons\9.10.1\4229e4c55fd8e01c23f9fe9884075cc628aacc50\asm-commons-9.10.1.jar
[Architectury Transformer DEBUG]  - C:\Users\Roland Lindenfelser\.gradle\caches\modules-2\files-2.1\org.ow2.asm\asm-tree\9.10.1\e244332a17564c1d1572449399a842de35881be2\asm-tree-9.10.1.jar
[Architectury Transformer DEBUG]  - C:\Users\Roland Lindenfelser\.gradle\caches\modules-2\files-2.1\org.ow2.asm\asm-util\9.10.1\7bb9d450e8d4cbf9f9e04096c44bbfe7fba80b15\asm-util-9.10.1.jar
[Architectury Transformer DEBUG]  - C:\Users\Roland Lindenfelser\.gradle\caches\modules-2\files-2.1\net.fabricmc\sponge-mixin\0.17.4+mixin.0.8.7\5f66cc9f59b8efaa942155a3d5a30599bf6640dd\sponge-mixin-0.17.4+mixin.0.8.7.jar
[Architectury Transformer DEBUG]  - C:\Users\Roland Lindenfelser\.gradle\caches\modules-2\files-2.1\io.github.llamalad7\mixinextras-fabric\0.5.5\d1055b99c0ab08a8403fe2da3d79ca28e6340a76\mixinextras-fabric-0.5.5.jar
[Architectury Transformer DEBUG]  - C:\Users\Roland Lindenfelser\.gradle\caches\modules-2\files-2.1\com.github.oshi\oshi-core\6.4.10\b1d8ab82d11d92fd639b56d639f8f46f739dd5fa\oshi-core-6.4.10.jar
[Architectury Transformer DEBUG]  - C:\Users\Roland Lindenfelser\.gradle\caches\modules-2\files-2.1\com.google.code.gson\gson\2.10.1\b3add478d4382b78ea20b1671390a858002feb6c\gson-2.10.1.jar
[Architectury Transformer DEBUG]  - C:\Users\Roland Lindenfelser\.gradle\caches\modules-2\files-2.1\com.google.guava\failureaccess\1.0.1\1dcf1de382a0bf95a3d8b0849546c88bac1292c9\failureaccess-1.0.1.jar
[Architectury Transformer DEBUG]  - C:\Users\Roland Lindenfelser\.gradle\caches\modules-2\files-2.1\com.google.guava\guava\32.1.2-jre\5e64ec7e056456bef3a4bc4c6fdaef71e8ab6318\guava-32.1.2-jre.jar
[Architectury Transformer DEBUG]  - C:\Users\Roland Lindenfelser\.gradle\caches\modules-2\files-2.1\com.ibm.icu\icu4j\73.2\61ad4ef7f9131fcf6d25c34b817f90d6da06c9e9\icu4j-73.2.jar
[Architectury Transformer DEBUG]  - C:\Users\Roland Lindenfelser\.gradle\caches\modules-2\files-2.1\com.mojang\authlib\6.0.54\de8bc95660e1b2fe8793fd427a7a10dcec5b3ea7\authlib-6.0.54.jar
[Architectury Transformer DEBUG]  - C:\Users\Roland Lindenfelser\.gradle\caches\modules-2\files-2.1\com.mojang\blocklist\1.0.10\5c685c5ffa94c4cd39496c7184c1d122e515ecef\blocklist-1.0.10.jar
[Architectury Transformer DEBUG]  - C:\Users\Roland Lindenfelser\.gradle\caches\modules-2\files-2.1\com.mojang\brigadier\1.3.10\d15b53a14cf20fdcaa98f731af5dda654452c010\brigadier-1.3.10.jar
[Architectury Transformer DEBUG]  - C:\Users\Roland Lindenfelser\.gradle\caches\modules-2\files-2.1\com.mojang\datafixerupper\8.0.16\67d4de6d7f95d89bcf5862995fb854ebaec02a34\datafixerupper-8.0.16.jar
[Architectury Transformer DEBUG]  - C:\Users\Roland Lindenfelser\.gradle\caches\modules-2\files-2.1\com.mojang\logging\1.2.7\24cb95ffb0e3433fd6e844c04e68009e504ca1c0\logging-1.2.7.jar
[Architectury Transformer DEBUG]  - C:\Users\Roland Lindenfelser\.gradle\caches\modules-2\files-2.1\com.mojang\patchy\2.2.10\da05971b07cbb379d002cf7eaec6a2048211fefc\patchy-2.2.10.jar
[Architectury Transformer DEBUG]  - C:\Users\Roland Lindenfelser\.gradle\caches\modules-2\files-2.1\com.mojang\text2speech\1.17.9\3cad216e3a7f0c19b4b394388bc9ffc446f13b14\text2speech-1.17.9.jar
[Architectury Transformer DEBUG]  - C:\Users\Roland Lindenfelser\.gradle\caches\modules-2\files-2.1\commons-codec\commons-codec\1.16.0\4e3eb3d79888d76b54e28b350915b5dc3919c9de\commons-codec-1.16.0.jar
[Architectury Transformer DEBUG]  - C:\Users\Roland Lindenfelser\.gradle\caches\modules-2\files-2.1\commons-io\commons-io\2.15.1\f11560da189ab563a5c8e351941415430e9304ea\commons-io-2.15.1.jar
[Architectury Transformer DEBUG]  - C:\Users\Roland Lindenfelser\.gradle\caches\modules-2\files-2.1\commons-logging\commons-logging\1.2\4bfc12adfe4842bf07b657f0369c4cb522955686\commons-logging-1.2.jar
[Architectury Transformer DEBUG]  - C:\Users\Roland Lindenfelser\.gradle\caches\modules-2\files-2.1\io.netty\netty-buffer\4.1.97.Final\f8f3d8644afa5e6e1a40a3a6aeb9d9aa970ecb4f\netty-buffer-4.1.97.Final.jar
[Architectury Transformer DEBUG]  - C:\Users\Roland Lindenfelser\.gradle\caches\modules-2\files-2.1\io.netty\netty-codec\4.1.97.Final\384ba4d75670befbedb45c4d3b497a93639c206d\netty-codec-4.1.97.Final.jar
[Architectury Transformer DEBUG]  - C:\Users\Roland Lindenfelser\.gradle\caches\modules-2\files-2.1\io.netty\netty-common\4.1.97.Final\7cceacaf11df8dc63f23d0fb58e9d4640fc88404\netty-common-4.1.97.Final.jar
[Architectury Transformer DEBUG]  - C:\Users\Roland Lindenfelser\.gradle\caches\modules-2\files-2.1\io.netty\netty-handler\4.1.97.Final\abb86c6906bf512bf2b797a41cd7d2e8d3cd7c36\netty-handler-4.1.97.Final.jar
[Architectury Transformer DEBUG]  - C:\Users\Roland Lindenfelser\.gradle\caches\modules-2\files-2.1\io.netty\netty-resolver\4.1.97.Final\cec8348108dc76c47cf87c669d514be52c922144\netty-resolver-4.1.97.Final.jar
[Architectury Transformer DEBUG]  - C:\Users\Roland Lindenfelser\.gradle\caches\modules-2\files-2.1\io.netty\netty-transport-classes-epoll\4.1.97.Final\795da37ded759e862457a82d9d92c4d39ce8ecee\netty-transport-classes-epoll-4.1.97.Final.jar
[Architectury Transformer DEBUG]  - C:\Users\Roland Lindenfelser\.gradle\caches\modules-2\files-2.1\io.netty\netty-transport-native-unix-common\4.1.97.Final\d469d84265ab70095b01b40886cabdd433b6e664\netty-transport-native-unix-common-4.1.97.Final.jar
[Architectury Transformer DEBUG]  - C:\Users\Roland Lindenfelser\.gradle\caches\modules-2\files-2.1\io.netty\netty-transport\4.1.97.Final\f37380d23c9bb079bc702910833b2fd532c9abd0\netty-transport-4.1.97.Final.jar
[Architectury Transformer DEBUG]  - C:\Users\Roland Lindenfelser\.gradle\caches\modules-2\files-2.1\it.unimi.dsi\fastutil\8.5.12\c24946d46824bd528054bface3231d2ecb7e95e8\fastutil-8.5.12.jar
[Architectury Transformer DEBUG]  - C:\Users\Roland Lindenfelser\.gradle\caches\modules-2\files-2.1\net.java.dev.jna\jna-platform\5.14.0\28934d48aed814f11e4c584da55c49fa7032b31b\jna-platform-5.14.0.jar
[Architectury Transformer DEBUG]  - C:\Users\Roland Lindenfelser\.gradle\caches\modules-2\files-2.1\net.java.dev.jna\jna\5.14.0\67bf3eaea4f0718cb376a181a629e5f88fa1c9dd\jna-5.14.0.jar
[Architectury Transformer DEBUG]  - C:\Users\Roland Lindenfelser\.gradle\caches\modules-2\files-2.1\net.sf.jopt-simple\jopt-simple\5.0.4\4fdac2fbe92dfad86aa6e9301736f6b4342a3f5c\jopt-simple-5.0.4.jar
[Architectury Transformer DEBUG]  - C:\Users\Roland Lindenfelser\.gradle\caches\modules-2\files-2.1\org.apache.commons\commons-compress\1.26.0\659feffdd12280201c8aacb8f7be94f9a883c824\commons-compress-1.26.0.jar
[Architectury Transformer DEBUG]  - C:\Users\Roland Lindenfelser\.gradle\caches\modules-2\files-2.1\org.apache.commons\commons-lang3\3.14.0\1ed471194b02f2c6cb734a0cd6f6f107c673afae\commons-lang3-3.14.0.jar
[Architectury Transformer DEBUG]  - C:\Users\Roland Lindenfelser\.gradle\caches\modules-2\files-2.1\org.apache.httpcomponents\httpclient\4.5.13\e5f6cae5ca7ecaac1ec2827a9e2d65ae2869cada\httpclient-4.5.13.jar
[Architectury Transformer DEBUG]  - C:\Users\Roland Lindenfelser\.gradle\caches\modules-2\files-2.1\org.apache.httpcomponents\httpcore\4.4.16\51cf043c87253c9f58b539c9f7e44c8894223850\httpcore-4.4.16.jar
[Architectury Transformer DEBUG]  - C:\Users\Roland Lindenfelser\.gradle\caches\modules-2\files-2.1\org.apache.logging.log4j\log4j-api\2.22.1\bea6fede6328fabafd7e68363161a7ea6605abd1\log4j-api-2.22.1.jar
[Architectury Transformer DEBUG]  - C:\Users\Roland Lindenfelser\.gradle\caches\modules-2\files-2.1\org.apache.logging.log4j\log4j-core\2.22.1\7183a25510a02ad00cc6a95d3b3d2a7d3c5a8dc4\log4j-core-2.22.1.jar
[Architectury Transformer DEBUG]  - C:\Users\Roland Lindenfelser\.gradle\caches\modules-2\files-2.1\org.apache.logging.log4j\log4j-slf4j2-impl\2.22.1\d7e6693c2606cb7e7335047d7bb96dec52db5665\log4j-slf4j2-impl-2.22.1.jar
[Architectury Transformer DEBUG]  - C:\Users\Roland Lindenfelser\.gradle\caches\modules-2\files-2.1\org.jcraft\jorbis\0.0.17\8872d22b293e8f5d7d56ff92be966e6dc28ebdc6\jorbis-0.0.17.jar
[Architectury Transformer DEBUG]  - C:\Users\Roland Lindenfelser\.gradle\caches\modules-2\files-2.1\org.joml\joml\1.10.5\22566d58af70ad3d72308bab63b8339906deb649\joml-1.10.5.jar
[Architectury Transformer DEBUG]  - C:\Users\Roland Lindenfelser\.gradle\caches\modules-2\files-2.1\org.lwjgl\lwjgl-freetype\3.3.3\a0db6c84a8becc8ca05f9dbfa985edc348a824c7\lwjgl-freetype-3.3.3.jar
[Architectury Transformer DEBUG]  - C:\Users\Roland Lindenfelser\.gradle\caches\modules-2\files-2.1\org.lwjgl\lwjgl-glfw\3.3.3\efa1eb78c5ccd840e9f329717109b5e892d72f8e\lwjgl-glfw-3.3.3.jar
[Architectury Transformer DEBUG]  - C:\Users\Roland Lindenfelser\.gradle\caches\modules-2\files-2.1\org.lwjgl\lwjgl-jemalloc\3.3.3\b543467b7ff3c6920539a88ee602d34098628be5\lwjgl-jemalloc-3.3.3.jar
[Architectury Transformer DEBUG]  - C:\Users\Roland Lindenfelser\.gradle\caches\modules-2\files-2.1\org.lwjgl\lwjgl-openal\3.3.3\daada81ceb5fc0c291fbfdd4433cb8d9423577f2\lwjgl-openal-3.3.3.jar
[Architectury Transformer DEBUG]  - C:\Users\Roland Lindenfelser\.gradle\caches\modules-2\files-2.1\org.lwjgl\lwjgl-opengl\3.3.3\2f6b0147078396a58979125a4c947664e98293a\lwjgl-opengl-3.3.3.jar
[Architectury Transformer DEBUG]  - C:\Users\Roland Lindenfelser\.gradle\caches\modules-2\files-2.1\org.lwjgl\lwjgl-stb\3.3.3\25dd6161988d7e65f71d5065c99902402ee32746\lwjgl-stb-3.3.3.jar
[Architectury Transformer DEBUG]  - C:\Users\Roland Lindenfelser\.gradle\caches\modules-2\files-2.1\org.lwjgl\lwjgl-tinyfd\3.3.3\82d755ca94b102e9ca77283b9e2dc46d1b15fbe5\lwjgl-tinyfd-3.3.3.jar
[Architectury Transformer DEBUG]  - C:\Users\Roland Lindenfelser\.gradle\caches\modules-2\files-2.1\org.lwjgl\lwjgl\3.3.3\29589b5f87ed335a6c7e7ee6a5775f81f97ecb84\lwjgl-3.3.3.jar
[Architectury Transformer DEBUG]  - C:\Users\Roland Lindenfelser\.gradle\caches\modules-2\files-2.1\org.lz4\lz4-java\1.8.0\4b986a99445e49ea5fbf5d149c4b63f6ed6c6780\lz4-java-1.8.0.jar
[Architectury Transformer DEBUG]  - C:\Users\Roland Lindenfelser\.gradle\caches\modules-2\files-2.1\org.slf4j\slf4j-api\2.0.9\7cf2726fdcfbc8610f9a71fb3ed639871f315340\slf4j-api-2.0.9.jar
[Architectury Transformer DEBUG]  - C:\Users\Roland Lindenfelser\Documents\Repositories\NexusCore\.gradle\loom-cache\minecraftMaven\net\minecraft\minecraft-merged-e7795f1124\1.21.1-loom.mappings.1_21_1.layered+hash.40359-v2\minecraft-merged-e7795f1124-1.21.1-loom.mappings.1_21_1.layered+hash.40359-v2.jar
[Architectury Transformer DEBUG]  - C:\Users\Roland Lindenfelser\.gradle\caches\modules-2\files-2.1\io.netty\netty-transport-native-epoll\4.1.97.Final\54188f271e388e7f313aea995e82f58ce2cdb809\netty-transport-native-epoll-4.1.97.Final-linux-x86_64.jar
[Architectury Transformer DEBUG]  - C:\Users\Roland Lindenfelser\.gradle\caches\modules-2\files-2.1\io.netty\netty-transport-native-epoll\4.1.97.Final\5514744c588190ffda076b35a9b8c9f24946a960\netty-transport-native-epoll-4.1.97.Final-linux-aarch_64.jar
[Architectury Transformer DEBUG]  - C:\Users\Roland Lindenfelser\Documents\Repositories\NexusCore\.gradle\loom-cache\remapped_mods\remapped\dev\architectury\architectury-b9d2d3ba\13.0.11\architectury-b9d2d3ba-13.0.11.jar
[Architectury Transformer] Read classpath in 1.889 s
[Architectury Transformer DEBUG] Writing io/github/rollylindenshnizzer/nexuscore/client/config/NexusConfigScreen$ValueRow with maxs=true frames=true
[Architectury Transformer DEBUG] Writing io/github/rollylindenshnizzer/nexuscore/client/config/NexusConfigScreen$TabHit with maxs=true frames=true
[Architectury Transformer DEBUG] Writing io/github/rollylindenshnizzer/nexuscore/client/config/NexusConfigScreen$PageView with maxs=true frames=true
[Architectury Transformer DEBUG] Writing io/github/rollylindenshnizzer/nexuscore/client/config/NexusConfigScreen$LayoutKind with maxs=true frames=true
[Architectury Transformer DEBUG] Writing io/github/rollylindenshnizzer/nexuscore/client/config/NexusConfigScreen$LayoutItem with maxs=true frames=true
[Architectury Transformer DEBUG] Writing io/github/rollylindenshnizzer/nexuscore/client/config/NexusConfigScreen$HeadingHit with maxs=true frames=true
[Architectury Transformer DEBUG] Writing io/github/rollylindenshnizzer/nexuscore/client/config/NexusConfigScreen$HeadingAnchor with maxs=true frames=true
[Architectury Transformer DEBUG] Writing io/github/rollylindenshnizzer/nexuscore/client/config/NexusAutofillEditBox with maxs=true frames=true
[Architectury Transformer DEBUG] Writing io/github/rollylindenshnizzer/nexuscore/client/NexusWorldTextRenderer with maxs=true frames=true
[Architectury Transformer DEBUG] Writing io/github/rollylindenshnizzer/nexuscore/client/NexusClientResources with maxs=true frames=true
[Architectury Transformer DEBUG] Writing io/github/rollylindenshnizzer/nexuscore/client/NexusClient with maxs=true frames=true
[Architectury Transformer DEBUG] Writing io/github/rollylindenshnizzer/nexuscore/api/worldgen/NexusWorldgen with maxs=true frames=true
[Architectury Transformer DEBUG] Writing io/github/rollylindenshnizzer/nexuscore/api/worldgen/NexusWorldgen$StructureRule with maxs=true frames=true
[Architectury Transformer DEBUG] Writing io/github/rollylindenshnizzer/nexuscore/api/worldgen/NexusWorldgen$NoiseGeneratorSettingsModifier with maxs=true frames=true
[Architectury Transformer DEBUG] Writing io/github/rollylindenshnizzer/nexuscore/api/worldgen/NexusWorldgen$CarverRule with maxs=true frames=true
[Architectury Transformer DEBUG] Writing io/github/rollylindenshnizzer/nexuscore/api/worldgen/NexusWorldgen$BiomeResolverModifier with maxs=true frames=true
[Architectury Transformer DEBUG] Writing io/github/rollylindenshnizzer/nexuscore/api/integration/irons/NexusIronsCreativeHelper with maxs=true frames=true
[Architectury Transformer DEBUG] Writing io/github/rollylindenshnizzer/nexuscore/api/integration/fancytabsections/NexusFancyTabSectionsHelper with maxs=true frames=true
[Architectury Transformer DEBUG] Writing io/github/rollylindenshnizzer/nexuscore/api/integration/NexusIntegrations with maxs=true frames=true
[Architectury Transformer DEBUG] Writing io/github/rollylindenshnizzer/nexuscore/api/hunger/NexusHungerValues with maxs=true frames=true
[Architectury Transformer DEBUG] Writing io/github/rollylindenshnizzer/nexuscore/api/hunger/NexusHungerValues$Values with maxs=true frames=true
[Architectury Transformer DEBUG] Writing io/github/rollylindenshnizzer/nexuscore/api/creative/NexusFancyTabSections with maxs=true frames=true
[Architectury Transformer DEBUG] Writing io/github/rollylindenshnizzer/nexuscore/api/creative/NexusFancyTabSections$TagEntry with maxs=true frames=true
[Architectury Transformer DEBUG] Writing io/github/rollylindenshnizzer/nexuscore/api/creative/NexusFancyTabSections$SupplierEntry with maxs=true frames=true
[Architectury Transformer DEBUG] Writing io/github/rollylindenshnizzer/nexuscore/api/creative/NexusFancyTabSections$StackEntry with maxs=true frames=true
[Architectury Transformer DEBUG] Writing io/github/rollylindenshnizzer/nexuscore/api/creative/NexusFancyTabSections$ListSupplierEntry with maxs=true frames=true
[Architectury Transformer DEBUG] Writing io/github/rollylindenshnizzer/nexuscore/api/creative/NexusFancyTabSections$ListEntry with maxs=true frames=true
[Architectury Transformer DEBUG] Writing io/github/rollylindenshnizzer/nexuscore/api/creative/NexusFancyTabSections$ItemLikeEntry with maxs=true frames=true
[Architectury Transformer DEBUG] Writing io/github/rollylindenshnizzer/nexuscore/api/creative/NexusFancyTabSections$ItemEntry with maxs=true frames=true
[Architectury Transformer DEBUG] Writing io/github/rollylindenshnizzer/nexuscore/api/creative/NexusFancyTabSections$Entry with maxs=true frames=true
[Architectury Transformer DEBUG] Writing io/github/rollylindenshnizzer/nexuscore/api/creative/NexusFancyTabSections$Definition with maxs=true frames=true
[Architectury Transformer DEBUG] Writing io/github/rollylindenshnizzer/nexuscore/api/creative/NexusFancyTabSections$ColoredSection with maxs=true frames=true
[Architectury Transformer DEBUG] Writing io/github/rollylindenshnizzer/nexuscore/api/config/NexusJsonConfig with maxs=true frames=true
[Architectury Transformer DEBUG] Writing io/github/rollylindenshnizzer/nexuscore/api/config/NexusJsonConfig$Builder with maxs=true frames=true
[Architectury Transformer DEBUG] Writing io/github/rollylindenshnizzer/nexuscore/api/config/NexusConfigs with maxs=true frames=true
[Architectury Transformer DEBUG] Writing io/github/rollylindenshnizzer/nexuscore/api/config/NexusConfigValue with maxs=true frames=true
[Architectury Transformer DEBUG] Writing io/github/rollylindenshnizzer/nexuscore/api/config/NexusConfigValue$Kind with maxs=true frames=true
[Architectury Transformer DEBUG] Writing io/github/rollylindenshnizzer/nexuscore/api/config/NexusConfigText with maxs=true frames=true
[Architectury Transformer DEBUG] Writing io/github/rollylindenshnizzer/nexuscore/api/config/NexusConfigSubheading with maxs=true frames=true
[Architectury Transformer DEBUG] Writing io/github/rollylindenshnizzer/nexuscore/api/config/NexusConfigStatusLabel with maxs=true frames=true
[Architectury Transformer DEBUG] Writing io/github/rollylindenshnizzer/nexuscore/api/config/NexusConfigPage with maxs=true frames=true
[Architectury Transformer DEBUG] Writing io/github/rollylindenshnizzer/nexuscore/api/config/NexusConfigMetadataValue with maxs=true frames=true
[Architectury Transformer DEBUG] Writing io/github/rollylindenshnizzer/nexuscore/api/config/NexusConfigHeading with maxs=true frames=true
[Architectury Transformer DEBUG] Writing io/github/rollylindenshnizzer/nexuscore/api/client/texture/NexusProceduralTextures with maxs=true frames=true
[Architectury Transformer DEBUG] Writing io/github/rollylindenshnizzer/nexuscore/api/client/texture/NexusProceduralTextures$PixelGenerator with maxs=true frames=true
[Architectury Transformer DEBUG] Writing io/github/rollylindenshnizzer/nexuscore/api/client/texture/NexusProceduralTextures$Definition with maxs=true frames=true
[Architectury Transformer DEBUG] Writing io/github/rollylindenshnizzer/nexuscore/api/client/text/NexusTextTooltip with maxs=true frames=true
[Architectury Transformer DEBUG] Writing io/github/rollylindenshnizzer/nexuscore/api/client/text/NexusTextRenderer with maxs=true frames=true
[Architectury Transformer DEBUG] Writing io/github/rollylindenshnizzer/nexuscore/api/client/text/NexusTextEffects with maxs=true frames=true
[Architectury Transformer DEBUG] Writing io/github/rollylindenshnizzer/nexuscore/api/client/text/NexusTextEffect with maxs=true frames=true
[Architectury Transformer DEBUG] Writing io/github/rollylindenshnizzer/nexuscore/api/client/text/NexusTextEffect$Builder with maxs=true frames=true
[Architectury Transformer DEBUG] Writing io/github/rollylindenshnizzer/nexuscore/api/client/text/NexusTextClientTooltip with maxs=true frames=true
[Architectury Transformer DEBUG] Writing io/github/rollylindenshnizzer/nexuscore/api/client/particle/NexusGuiParticles with maxs=true frames=true
[Architectury Transformer DEBUG] Writing io/github/rollylindenshnizzer/nexuscore/api/client/particle/NexusGuiParticles$TextureFrame with maxs=true frames=true
[Architectury Transformer DEBUG] Writing io/github/rollylindenshnizzer/nexuscore/api/client/particle/NexusGuiParticles$ResolvedStyle with maxs=true frames=true
[Architectury Transformer DEBUG] Writing io/github/rollylindenshnizzer/nexuscore/api/client/particle/NexusGuiParticleStyle with maxs=true frames=true
[Architectury Transformer DEBUG] Writing io/github/rollylindenshnizzer/nexuscore/api/client/particle/NexusGuiParticleStyle$Builder with maxs=true frames=true
[Architectury Transformer DEBUG] Writing io/github/rollylindenshnizzer/nexuscore/api/client/glitch/NexusGlitchBounds with maxs=true frames=true
[Architectury Transformer DEBUG] Writing io/github/rollylindenshnizzer/nexuscore/api/client/glitch/NexusFramebufferGlitches with maxs=true frames=true
[Architectury Transformer DEBUG] Writing io/github/rollylindenshnizzer/nexuscore/api/client/glitch/NexusFramebufferGlitches$RegisteredEffect with maxs=true frames=true
[Architectury Transformer DEBUG] Writing io/github/rollylindenshnizzer/nexuscore/api/client/glitch/NexusFramebufferGlitches$GlitchRequest with maxs=true frames=true
[Architectury Transformer DEBUG] Writing io/github/rollylindenshnizzer/nexuscore/NexusCoreConfig with maxs=true frames=true
[Architectury Transformer DEBUG] Writing io/github/rollylindenshnizzer/nexuscore/NexusCore with maxs=true frames=true
[Architectury Transformer DEBUG] Closed File Systems for C:\Users\Roland Lindenfelser\Documents\Repositories\NexusCore\common\build\libs\nexuscore-common-1.0.0-transformProductionFabric.jar
[Architectury Transformer] Transformed jar with 5 transformer(s) in 2.077 s
[Architectury Transformer DEBUG] 
[Architectury Transformer DEBUG] ============================
[Architectury Transformer DEBUG] Transforming from C:\Users\Roland Lindenfelser\Documents\Repositories\NexusCore\common\build\devlibs\nexuscore-common-1.0.0-dev.jar to C:\Users\Roland Lindenfelser\Documents\Repositories\NexusCore\common\build\libs\nexuscore-common-1.0.0-transformProductionNeoForge.jar
[Architectury Transformer DEBUG] ============================
[Architectury Transformer DEBUG] 
[Architectury Transformer DEBUG] Transforming 5 transformer(s) from C:\Users\Roland Lindenfelser\Documents\Repositories\NexusCore\common\build\devlibs\nexuscore-common-1.0.0-dev.jar to C:\Users\Roland Lindenfelser\Documents\Repositories\NexusCore\common\build\libs\nexuscore-common-1.0.0-transformProductionNeoForge.jar: 
[Architectury Transformer DEBUG]  - dev.architectury.transformer.transformers.TransformExpectPlatform@1e3a4b27
[Architectury Transformer DEBUG]  - dev.architectury.transformer.transformers.RemapInjectables@3255e0da
[Architectury Transformer DEBUG]  - dev.architectury.transformer.transformers.TransformPlatformOnly@7fe8a309
[Architectury Transformer DEBUG]  - dev.architectury.transformer.transformers.TransformNeoForgeAnnotations@3d1506f
[Architectury Transformer DEBUG]  - dev.architectury.transformer.transformers.TransformNeoForgeEnvironment@4ffe4041
[Architectury Transformer DEBUG] Transforming from C:\Users\Roland Lindenfelser\Documents\Repositories\NexusCore\common\build\devlibs\nexuscore-common-1.0.0-dev.jar to C:\Users\Roland Lindenfelser\Documents\Repositories\NexusCore\common\build\libs\nexuscore-common-1.0.0-transformProductionNeoForge.jar with 5 transformer(s) on dev.architectury.transformer.handler.SimpleTransformerHandler
[Architectury Transformer DEBUG] Remapping with 1 mapping provider(s):
[Architectury Transformer DEBUG]  - dev.architectury.transformer.transformers.TransformNeoForgeEnvironment$$Lambda/0x000000002e022348@7c668108
[Architectury Transformer DEBUG] Provided 60 classpath jar(s):
[Architectury Transformer DEBUG]  - C:\Users\Roland Lindenfelser\.gradle\caches\modules-2\files-2.1\dev.architectury\architectury-injectables\1.0.10\62db2a366d662606d1b23ad02ccc3212ed37ec3\architectury-injectables-1.0.10.jar
[Architectury Transformer DEBUG]  - C:\Users\Roland Lindenfelser\.gradle\caches\modules-2\files-2.1\net.fabricmc\fabric-loader\0.19.5\ff9e65cffca4a67f31523e1807fe0855940fcbfa\fabric-loader-0.19.5.jar
[Architectury Transformer DEBUG]  - C:\Users\Roland Lindenfelser\.gradle\caches\modules-2\files-2.1\org.jetbrains\annotations\26.0.2\c7ce3cdeda3d18909368dfe5977332dfad326c6d\annotations-26.0.2.jar
[Architectury Transformer DEBUG]  - C:\Users\Roland Lindenfelser\.gradle\caches\modules-2\files-2.1\org.ow2.asm\asm\9.10.1\ada2141c0cc52ee8f5c48cd5fa4ce0e794f22236\asm-9.10.1.jar
[Architectury Transformer DEBUG]  - C:\Users\Roland Lindenfelser\.gradle\caches\modules-2\files-2.1\org.ow2.asm\asm-analysis\9.10.1\8d49f14d51f632cb1d87c88d1ceaf50db0d8af1b\asm-analysis-9.10.1.jar
[Architectury Transformer DEBUG]  - C:\Users\Roland Lindenfelser\.gradle\caches\modules-2\files-2.1\org.ow2.asm\asm-commons\9.10.1\4229e4c55fd8e01c23f9fe9884075cc628aacc50\asm-commons-9.10.1.jar
[Architectury Transformer DEBUG]  - C:\Users\Roland Lindenfelser\.gradle\caches\modules-2\files-2.1\org.ow2.asm\asm-tree\9.10.1\e244332a17564c1d1572449399a842de35881be2\asm-tree-9.10.1.jar
[Architectury Transformer DEBUG]  - C:\Users\Roland Lindenfelser\.gradle\caches\modules-2\files-2.1\org.ow2.asm\asm-util\9.10.1\7bb9d450e8d4cbf9f9e04096c44bbfe7fba80b15\asm-util-9.10.1.jar
[Architectury Transformer DEBUG]  - C:\Users\Roland Lindenfelser\.gradle\caches\modules-2\files-2.1\net.fabricmc\sponge-mixin\0.17.4+mixin.0.8.7\5f66cc9f59b8efaa942155a3d5a30599bf6640dd\sponge-mixin-0.17.4+mixin.0.8.7.jar
[Architectury Transformer DEBUG]  - C:\Users\Roland Lindenfelser\.gradle\caches\modules-2\files-2.1\io.github.llamalad7\mixinextras-fabric\0.5.5\d1055b99c0ab08a8403fe2da3d79ca28e6340a76\mixinextras-fabric-0.5.5.jar
[Architectury Transformer DEBUG]  - C:\Users\Roland Lindenfelser\.gradle\caches\modules-2\files-2.1\com.github.oshi\oshi-core\6.4.10\b1d8ab82d11d92fd639b56d639f8f46f739dd5fa\oshi-core-6.4.10.jar
[Architectury Transformer DEBUG]  - C:\Users\Roland Lindenfelser\.gradle\caches\modules-2\files-2.1\com.google.code.gson\gson\2.10.1\b3add478d4382b78ea20b1671390a858002feb6c\gson-2.10.1.jar
[Architectury Transformer DEBUG]  - C:\Users\Roland Lindenfelser\.gradle\caches\modules-2\files-2.1\com.google.guava\failureaccess\1.0.1\1dcf1de382a0bf95a3d8b0849546c88bac1292c9\failureaccess-1.0.1.jar
[Architectury Transformer DEBUG]  - C:\Users\Roland Lindenfelser\.gradle\caches\modules-2\files-2.1\com.google.guava\guava\32.1.2-jre\5e64ec7e056456bef3a4bc4c6fdaef71e8ab6318\guava-32.1.2-jre.jar
[Architectury Transformer DEBUG]  - C:\Users\Roland Lindenfelser\.gradle\caches\modules-2\files-2.1\com.ibm.icu\icu4j\73.2\61ad4ef7f9131fcf6d25c34b817f90d6da06c9e9\icu4j-73.2.jar
[Architectury Transformer DEBUG]  - C:\Users\Roland Lindenfelser\.gradle\caches\modules-2\files-2.1\com.mojang\authlib\6.0.54\de8bc95660e1b2fe8793fd427a7a10dcec5b3ea7\authlib-6.0.54.jar
[Architectury Transformer DEBUG]  - C:\Users\Roland Lindenfelser\.gradle\caches\modules-2\files-2.1\com.mojang\blocklist\1.0.10\5c685c5ffa94c4cd39496c7184c1d122e515ecef\blocklist-1.0.10.jar
[Architectury Transformer DEBUG]  - C:\Users\Roland Lindenfelser\.gradle\caches\modules-2\files-2.1\com.mojang\brigadier\1.3.10\d15b53a14cf20fdcaa98f731af5dda654452c010\brigadier-1.3.10.jar
[Architectury Transformer DEBUG]  - C:\Users\Roland Lindenfelser\.gradle\caches\modules-2\files-2.1\com.mojang\datafixerupper\8.0.16\67d4de6d7f95d89bcf5862995fb854ebaec02a34\datafixerupper-8.0.16.jar
[Architectury Transformer DEBUG]  - C:\Users\Roland Lindenfelser\.gradle\caches\modules-2\files-2.1\com.mojang\logging\1.2.7\24cb95ffb0e3433fd6e844c04e68009e504ca1c0\logging-1.2.7.jar
[Architectury Transformer DEBUG]  - C:\Users\Roland Lindenfelser\.gradle\caches\modules-2\files-2.1\com.mojang\patchy\2.2.10\da05971b07cbb379d002cf7eaec6a2048211fefc\patchy-2.2.10.jar
[Architectury Transformer DEBUG]  - C:\Users\Roland Lindenfelser\.gradle\caches\modules-2\files-2.1\com.mojang\text2speech\1.17.9\3cad216e3a7f0c19b4b394388bc9ffc446f13b14\text2speech-1.17.9.jar
[Architectury Transformer DEBUG]  - C:\Users\Roland Lindenfelser\.gradle\caches\modules-2\files-2.1\commons-codec\commons-codec\1.16.0\4e3eb3d79888d76b54e28b350915b5dc3919c9de\commons-codec-1.16.0.jar
[Architectury Transformer DEBUG]  - C:\Users\Roland Lindenfelser\.gradle\caches\modules-2\files-2.1\commons-io\commons-io\2.15.1\f11560da189ab563a5c8e351941415430e9304ea\commons-io-2.15.1.jar
[Architectury Transformer DEBUG]  - C:\Users\Roland Lindenfelser\.gradle\caches\modules-2\files-2.1\commons-logging\commons-logging\1.2\4bfc12adfe4842bf07b657f0369c4cb522955686\commons-logging-1.2.jar
[Architectury Transformer DEBUG]  - C:\Users\Roland Lindenfelser\.gradle\caches\modules-2\files-2.1\io.netty\netty-buffer\4.1.97.Final\f8f3d8644afa5e6e1a40a3a6aeb9d9aa970ecb4f\netty-buffer-4.1.97.Final.jar
[Architectury Transformer DEBUG]  - C:\Users\Roland Lindenfelser\.gradle\caches\modules-2\files-2.1\io.netty\netty-codec\4.1.97.Final\384ba4d75670befbedb45c4d3b497a93639c206d\netty-codec-4.1.97.Final.jar
[Architectury Transformer DEBUG]  - C:\Users\Roland Lindenfelser\.gradle\caches\modules-2\files-2.1\io.netty\netty-common\4.1.97.Final\7cceacaf11df8dc63f23d0fb58e9d4640fc88404\netty-common-4.1.97.Final.jar
[Architectury Transformer DEBUG]  - C:\Users\Roland Lindenfelser\.gradle\caches\modules-2\files-2.1\io.netty\netty-handler\4.1.97.Final\abb86c6906bf512bf2b797a41cd7d2e8d3cd7c36\netty-handler-4.1.97.Final.jar
[Architectury Transformer DEBUG]  - C:\Users\Roland Lindenfelser\.gradle\caches\modules-2\files-2.1\io.netty\netty-resolver\4.1.97.Final\cec8348108dc76c47cf87c669d514be52c922144\netty-resolver-4.1.97.Final.jar
[Architectury Transformer DEBUG]  - C:\Users\Roland Lindenfelser\.gradle\caches\modules-2\files-2.1\io.netty\netty-transport-classes-epoll\4.1.97.Final\795da37ded759e862457a82d9d92c4d39ce8ecee\netty-transport-classes-epoll-4.1.97.Final.jar
[Architectury Transformer DEBUG]  - C:\Users\Roland Lindenfelser\.gradle\caches\modules-2\files-2.1\io.netty\netty-transport-native-unix-common\4.1.97.Final\d469d84265ab70095b01b40886cabdd433b6e664\netty-transport-native-unix-common-4.1.97.Final.jar
[Architectury Transformer DEBUG]  - C:\Users\Roland Lindenfelser\.gradle\caches\modules-2\files-2.1\io.netty\netty-transport\4.1.97.Final\f37380d23c9bb079bc702910833b2fd532c9abd0\netty-transport-4.1.97.Final.jar
[Architectury Transformer DEBUG]  - C:\Users\Roland Lindenfelser\.gradle\caches\modules-2\files-2.1\it.unimi.dsi\fastutil\8.5.12\c24946d46824bd528054bface3231d2ecb7e95e8\fastutil-8.5.12.jar
[Architectury Transformer DEBUG]  - C:\Users\Roland Lindenfelser\.gradle\caches\modules-2\files-2.1\net.java.dev.jna\jna-platform\5.14.0\28934d48aed814f11e4c584da55c49fa7032b31b\jna-platform-5.14.0.jar
[Architectury Transformer DEBUG]  - C:\Users\Roland Lindenfelser\.gradle\caches\modules-2\files-2.1\net.java.dev.jna\jna\5.14.0\67bf3eaea4f0718cb376a181a629e5f88fa1c9dd\jna-5.14.0.jar
[Architectury Transformer DEBUG]  - C:\Users\Roland Lindenfelser\.gradle\caches\modules-2\files-2.1\net.sf.jopt-simple\jopt-simple\5.0.4\4fdac2fbe92dfad86aa6e9301736f6b4342a3f5c\jopt-simple-5.0.4.jar
[Architectury Transformer DEBUG]  - C:\Users\Roland Lindenfelser\.gradle\caches\modules-2\files-2.1\org.apache.commons\commons-compress\1.26.0\659feffdd12280201c8aacb8f7be94f9a883c824\commons-compress-1.26.0.jar
[Architectury Transformer DEBUG]  - C:\Users\Roland Lindenfelser\.gradle\caches\modules-2\files-2.1\org.apache.commons\commons-lang3\3.14.0\1ed471194b02f2c6cb734a0cd6f6f107c673afae\commons-lang3-3.14.0.jar
[Architectury Transformer DEBUG]  - C:\Users\Roland Lindenfelser\.gradle\caches\modules-2\files-2.1\org.apache.httpcomponents\httpclient\4.5.13\e5f6cae5ca7ecaac1ec2827a9e2d65ae2869cada\httpclient-4.5.13.jar
[Architectury Transformer DEBUG]  - C:\Users\Roland Lindenfelser\.gradle\caches\modules-2\files-2.1\org.apache.httpcomponents\httpcore\4.4.16\51cf043c87253c9f58b539c9f7e44c8894223850\httpcore-4.4.16.jar
[Architectury Transformer DEBUG]  - C:\Users\Roland Lindenfelser\.gradle\caches\modules-2\files-2.1\org.apache.logging.log4j\log4j-api\2.22.1\bea6fede6328fabafd7e68363161a7ea6605abd1\log4j-api-2.22.1.jar
[Architectury Transformer DEBUG]  - C:\Users\Roland Lindenfelser\.gradle\caches\modules-2\files-2.1\org.apache.logging.log4j\log4j-core\2.22.1\7183a25510a02ad00cc6a95d3b3d2a7d3c5a8dc4\log4j-core-2.22.1.jar
[Architectury Transformer DEBUG]  - C:\Users\Roland Lindenfelser\.gradle\caches\modules-2\files-2.1\org.apache.logging.log4j\log4j-slf4j2-impl\2.22.1\d7e6693c2606cb7e7335047d7bb96dec52db5665\log4j-slf4j2-impl-2.22.1.jar
[Architectury Transformer DEBUG]  - C:\Users\Roland Lindenfelser\.gradle\caches\modules-2\files-2.1\org.jcraft\jorbis\0.0.17\8872d22b293e8f5d7d56ff92be966e6dc28ebdc6\jorbis-0.0.17.jar
[Architectury Transformer DEBUG]  - C:\Users\Roland Lindenfelser\.gradle\caches\modules-2\files-2.1\org.joml\joml\1.10.5\22566d58af70ad3d72308bab63b8339906deb649\joml-1.10.5.jar
[Architectury Transformer DEBUG]  - C:\Users\Roland Lindenfelser\.gradle\caches\modules-2\files-2.1\org.lwjgl\lwjgl-freetype\3.3.3\a0db6c84a8becc8ca05f9dbfa985edc348a824c7\lwjgl-freetype-3.3.3.jar
[Architectury Transformer DEBUG]  - C:\Users\Roland Lindenfelser\.gradle\caches\modules-2\files-2.1\org.lwjgl\lwjgl-glfw\3.3.3\efa1eb78c5ccd840e9f329717109b5e892d72f8e\lwjgl-glfw-3.3.3.jar
[Architectury Transformer DEBUG]  - C:\Users\Roland Lindenfelser\.gradle\caches\modules-2\files-2.1\org.lwjgl\lwjgl-jemalloc\3.3.3\b543467b7ff3c6920539a88ee602d34098628be5\lwjgl-jemalloc-3.3.3.jar
[Architectury Transformer DEBUG]  - C:\Users\Roland Lindenfelser\.gradle\caches\modules-2\files-2.1\org.lwjgl\lwjgl-openal\3.3.3\daada81ceb5fc0c291fbfdd4433cb8d9423577f2\lwjgl-openal-3.3.3.jar
[Architectury Transformer DEBUG]  - C:\Users\Roland Lindenfelser\.gradle\caches\modules-2\files-2.1\org.lwjgl\lwjgl-opengl\3.3.3\2f6b0147078396a58979125a4c947664e98293a\lwjgl-opengl-3.3.3.jar
[Architectury Transformer DEBUG]  - C:\Users\Roland Lindenfelser\.gradle\caches\modules-2\files-2.1\org.lwjgl\lwjgl-stb\3.3.3\25dd6161988d7e65f71d5065c99902402ee32746\lwjgl-stb-3.3.3.jar
[Architectury Transformer DEBUG]  - C:\Users\Roland Lindenfelser\.gradle\caches\modules-2\files-2.1\org.lwjgl\lwjgl-tinyfd\3.3.3\82d755ca94b102e9ca77283b9e2dc46d1b15fbe5\lwjgl-tinyfd-3.3.3.jar
[Architectury Transformer DEBUG]  - C:\Users\Roland Lindenfelser\.gradle\caches\modules-2\files-2.1\org.lwjgl\lwjgl\3.3.3\29589b5f87ed335a6c7e7ee6a5775f81f97ecb84\lwjgl-3.3.3.jar
[Architectury Transformer DEBUG]  - C:\Users\Roland Lindenfelser\.gradle\caches\modules-2\files-2.1\org.lz4\lz4-java\1.8.0\4b986a99445e49ea5fbf5d149c4b63f6ed6c6780\lz4-java-1.8.0.jar
[Architectury Transformer DEBUG]  - C:\Users\Roland Lindenfelser\.gradle\caches\modules-2\files-2.1\org.slf4j\slf4j-api\2.0.9\7cf2726fdcfbc8610f9a71fb3ed639871f315340\slf4j-api-2.0.9.jar
[Architectury Transformer DEBUG]  - C:\Users\Roland Lindenfelser\Documents\Repositories\NexusCore\.gradle\loom-cache\minecraftMaven\net\minecraft\minecraft-merged-e7795f1124\1.21.1-loom.mappings.1_21_1.layered+hash.40359-v2\minecraft-merged-e7795f1124-1.21.1-loom.mappings.1_21_1.layered+hash.40359-v2.jar
[Architectury Transformer DEBUG]  - C:\Users\Roland Lindenfelser\.gradle\caches\modules-2\files-2.1\io.netty\netty-transport-native-epoll\4.1.97.Final\54188f271e388e7f313aea995e82f58ce2cdb809\netty-transport-native-epoll-4.1.97.Final-linux-x86_64.jar
[Architectury Transformer DEBUG]  - C:\Users\Roland Lindenfelser\.gradle\caches\modules-2\files-2.1\io.netty\netty-transport-native-epoll\4.1.97.Final\5514744c588190ffda076b35a9b8c9f24946a960\netty-transport-native-epoll-4.1.97.Final-linux-aarch_64.jar
[Architectury Transformer DEBUG]  - C:\Users\Roland Lindenfelser\Documents\Repositories\NexusCore\.gradle\loom-cache\remapped_mods\remapped\dev\architectury\architectury-b9d2d3ba\13.0.11\architectury-b9d2d3ba-13.0.11.jar
[Architectury Transformer] Read classpath in 1.415 s
[Architectury Transformer DEBUG] Remapping Classes:
[Architectury Transformer DEBUG] net/fabricmc/api/EnvType -> net/neoforged/api/distmarker/Dist
[Architectury Transformer DEBUG] net/fabricmc/api/Environment -> net/neoforged/api/distmarker/OnlyIn
[Architectury Transformer DEBUG] Found class transformer
[Architectury Transformer DEBUG] Writing io/github/rollylindenshnizzer/nexuscore/NexusCoreConfig with maxs=true frames=true
[Architectury Transformer DEBUG] Writing io/github/rollylindenshnizzer/nexuscore/NexusCore with maxs=true frames=true
[Architectury Transformer DEBUG] Writing io/github/rollylindenshnizzer/nexuscore/mixin/worldgen/NoiseBasedChunkGeneratorMixin with maxs=true frames=true
[Architectury Transformer DEBUG] Writing io/github/rollylindenshnizzer/nexuscore/mixin/worldgen/ChunkGeneratorMixin with maxs=true frames=true
[Architectury Transformer DEBUG] Writing io/github/rollylindenshnizzer/nexuscore/mixin/worldgen/RandomStateMixin with maxs=true frames=true
[Architectury Transformer DEBUG] Writing io/github/rollylindenshnizzer/nexuscore/mixin/client/GameRendererMixin with maxs=true frames=true
[Architectury Transformer DEBUG] Writing io/github/rollylindenshnizzer/nexuscore/mixin/client/WorldCreationUiStateMixin with maxs=true frames=true
[Architectury Transformer DEBUG] Writing io/github/rollylindenshnizzer/nexuscore/mixin/client/GuiGraphicsMixin with maxs=true frames=true
[Architectury Transformer DEBUG] Writing io/github/rollylindenshnizzer/nexuscore/mixin/client/EntityRendererMixin with maxs=true frames=true
[Architectury Transformer DEBUG] Writing io/github/rollylindenshnizzer/nexuscore/internal/integration/NexusFancyTabSectionsImplementation with maxs=true frames=true
[Architectury Transformer DEBUG] Writing io/github/rollylindenshnizzer/nexuscore/internal/integration/NexusIntegrationImplementations with maxs=true frames=true
[Architectury Transformer DEBUG] Writing io/github/rollylindenshnizzer/nexuscore/internal/integration/NexusIronsCreativeImplementation with maxs=true frames=true
[Architectury Transformer DEBUG] Writing io/github/rollylindenshnizzer/nexuscore/client/NexusClientResources with maxs=true frames=true
[Architectury Transformer DEBUG] Writing io/github/rollylindenshnizzer/nexuscore/client/NexusClient with maxs=true frames=true
[Architectury Transformer DEBUG] Writing io/github/rollylindenshnizzer/nexuscore/client/NexusWorldTextRenderer with maxs=true frames=true
[Architectury Transformer DEBUG] Writing io/github/rollylindenshnizzer/nexuscore/client/config/NexusConfigScreen with maxs=true frames=true
[Architectury Transformer DEBUG] Writing io/github/rollylindenshnizzer/nexuscore/client/config/NexusConfigScreen$LayoutItem with maxs=true frames=true
[Architectury Transformer DEBUG] Writing io/github/rollylindenshnizzer/nexuscore/client/config/NexusConfigScreen$HeadingHit with maxs=true frames=true
[Architectury Transformer DEBUG] Writing io/github/rollylindenshnizzer/nexuscore/client/config/NexusAutofillEditBox with maxs=true frames=true
[Architectury Transformer DEBUG] Writing io/github/rollylindenshnizzer/nexuscore/client/config/NexusDropdownWidget with maxs=true frames=true
[Architectury Transformer DEBUG] Writing io/github/rollylindenshnizzer/nexuscore/client/config/NexusConfigScreen$HeadingAnchor with maxs=true frames=true
[Architectury Transformer DEBUG] Writing io/github/rollylindenshnizzer/nexuscore/client/config/NexusConfigTextRenderer with maxs=true frames=true
[Architectury Transformer DEBUG] Writing io/github/rollylindenshnizzer/nexuscore/client/config/NexusConfigScreen$ValueRow with maxs=true frames=true
[Architectury Transformer DEBUG] Writing io/github/rollylindenshnizzer/nexuscore/client/config/NexusConfigScreen$LayoutKind with maxs=true frames=true
[Architectury Transformer DEBUG] Writing io/github/rollylindenshnizzer/nexuscore/client/config/NexusConfigScreen$PageView with maxs=true frames=true
[Architectury Transformer DEBUG] Writing io/github/rollylindenshnizzer/nexuscore/client/config/NexusConfigScreen$TabHit with maxs=true frames=true
[Architectury Transformer DEBUG] Writing io/github/rollylindenshnizzer/nexuscore/api/worldgen/NexusWorldgen$NoiseGeneratorSettingsModifier with maxs=true frames=true
[Architectury Transformer DEBUG] Writing io/github/rollylindenshnizzer/nexuscore/api/worldgen/NexusWorldgen with maxs=true frames=true
[Architectury Transformer DEBUG] Writing io/github/rollylindenshnizzer/nexuscore/api/worldgen/NexusWorldgen$CarverRule with maxs=true frames=true
[Architectury Transformer DEBUG] Writing io/github/rollylindenshnizzer/nexuscore/api/worldgen/NexusWorldgen$StructureRule with maxs=true frames=true
[Architectury Transformer DEBUG] Writing io/github/rollylindenshnizzer/nexuscore/api/worldgen/NexusWorldgen$BiomeResolverModifier with maxs=true frames=true
[Architectury Transformer DEBUG] Writing io/github/rollylindenshnizzer/nexuscore/api/integration/NexusIntegrations with maxs=true frames=true
[Architectury Transformer DEBUG] Writing io/github/rollylindenshnizzer/nexuscore/api/integration/irons/NexusIronsCreativeHelper with maxs=true frames=true
[Architectury Transformer DEBUG] Writing io/github/rollylindenshnizzer/nexuscore/api/integration/fancytabsections/NexusFancyTabSectionsHelper with maxs=true frames=true
[Architectury Transformer DEBUG] Writing io/github/rollylindenshnizzer/nexuscore/api/hunger/NexusHungerValues with maxs=true frames=true
[Architectury Transformer DEBUG] Writing io/github/rollylindenshnizzer/nexuscore/api/hunger/NexusHungerValues$Values with maxs=true frames=true
[Architectury Transformer DEBUG] Writing io/github/rollylindenshnizzer/nexuscore/api/creative/NexusFancyTabSections$ColoredSection with maxs=true frames=true
[Architectury Transformer DEBUG] Writing io/github/rollylindenshnizzer/nexuscore/api/creative/NexusFancyTabSections$Entry with maxs=true frames=true
[Architectury Transformer DEBUG] Writing io/github/rollylindenshnizzer/nexuscore/api/creative/NexusFancyTabSections$TagEntry with maxs=true frames=true
[Architectury Transformer DEBUG] Writing io/github/rollylindenshnizzer/nexuscore/api/creative/NexusFancyTabSections with maxs=true frames=true
[Architectury Transformer DEBUG] Writing io/github/rollylindenshnizzer/nexuscore/api/creative/NexusFancyTabSections$ItemLikeEntry with maxs=true frames=true
[Architectury Transformer DEBUG] Writing io/github/rollylindenshnizzer/nexuscore/api/creative/NexusFancyTabSections$SupplierEntry with maxs=true frames=true
[Architectury Transformer DEBUG] Writing io/github/rollylindenshnizzer/nexuscore/api/creative/NexusFancyTabSections$ListEntry with maxs=true frames=true
[Architectury Transformer DEBUG] Writing io/github/rollylindenshnizzer/nexuscore/api/creative/NexusFancyTabSections$ListSupplierEntry with maxs=true frames=true
[Architectury Transformer DEBUG] Writing io/github/rollylindenshnizzer/nexuscore/api/creative/NexusFancyTabSections$StackEntry with maxs=true frames=true
[Architectury Transformer DEBUG] Writing io/github/rollylindenshnizzer/nexuscore/api/creative/NexusFancyTabSections$Definition with maxs=true frames=true
[Architectury Transformer DEBUG] Writing io/github/rollylindenshnizzer/nexuscore/api/creative/NexusFancyTabSections$ItemEntry with maxs=true frames=true
[Architectury Transformer DEBUG] Writing io/github/rollylindenshnizzer/nexuscore/api/config/NexusJsonConfig with maxs=true frames=true
[Architectury Transformer DEBUG] Writing io/github/rollylindenshnizzer/nexuscore/api/config/NexusConfigText with maxs=true frames=true
[Architectury Transformer DEBUG] Writing io/github/rollylindenshnizzer/nexuscore/api/config/NexusConfigSubheading with maxs=true frames=true
[Architectury Transformer DEBUG] Writing io/github/rollylindenshnizzer/nexuscore/api/config/NexusConfigPage with maxs=true frames=true
[Architectury Transformer DEBUG] Writing io/github/rollylindenshnizzer/nexuscore/api/config/NexusConfigValue$Kind with maxs=true frames=true
[Architectury Transformer DEBUG] Writing io/github/rollylindenshnizzer/nexuscore/api/config/NexusConfigHeading with maxs=true frames=true
[Architectury Transformer DEBUG] Writing io/github/rollylindenshnizzer/nexuscore/api/config/NexusConfigStatusLabel with maxs=true frames=true
[Architectury Transformer DEBUG] Writing io/github/rollylindenshnizzer/nexuscore/api/config/NexusJsonConfig$Builder with maxs=true frames=true
[Architectury Transformer DEBUG] Writing io/github/rollylindenshnizzer/nexuscore/api/config/NexusConfigValue with maxs=true frames=true
[Architectury Transformer DEBUG] Writing io/github/rollylindenshnizzer/nexuscore/api/config/NexusConfigs with maxs=true frames=true
[Architectury Transformer DEBUG] Writing io/github/rollylindenshnizzer/nexuscore/api/config/NexusConfigMetadataValue with maxs=true frames=true
[Architectury Transformer DEBUG] Writing io/github/rollylindenshnizzer/nexuscore/api/client/texture/NexusProceduralTextures with maxs=true frames=true
[Architectury Transformer DEBUG] Writing io/github/rollylindenshnizzer/nexuscore/api/client/texture/NexusProceduralTextures$PixelGenerator with maxs=true frames=true
[Architectury Transformer DEBUG] Writing io/github/rollylindenshnizzer/nexuscore/api/client/texture/NexusProceduralTextures$Definition with maxs=true frames=true
[Architectury Transformer DEBUG] Writing io/github/rollylindenshnizzer/nexuscore/api/client/text/NexusTextEffect$Builder with maxs=true frames=true
[Architectury Transformer DEBUG] Writing io/github/rollylindenshnizzer/nexuscore/api/client/text/NexusTextEffect with maxs=true frames=true
[Architectury Transformer DEBUG] Writing io/github/rollylindenshnizzer/nexuscore/api/client/text/NexusTextClientTooltip with maxs=true frames=true
[Architectury Transformer DEBUG] Writing io/github/rollylindenshnizzer/nexuscore/api/client/text/NexusTextEffects with maxs=true frames=true
[Architectury Transformer DEBUG] Writing io/github/rollylindenshnizzer/nexuscore/api/client/text/NexusTextTooltip with maxs=true frames=true
[Architectury Transformer DEBUG] Writing io/github/rollylindenshnizzer/nexuscore/api/client/text/NexusTextRenderer with maxs=true frames=true
[Architectury Transformer DEBUG] Writing io/github/rollylindenshnizzer/nexuscore/api/client/particle/NexusGuiParticles with maxs=true frames=true
[Architectury Transformer DEBUG] Writing io/github/rollylindenshnizzer/nexuscore/api/client/particle/NexusGuiParticles$ResolvedStyle with maxs=true frames=true
[Architectury Transformer DEBUG] Writing io/github/rollylindenshnizzer/nexuscore/api/client/particle/NexusGuiParticleStyle with maxs=true frames=true
[Architectury Transformer DEBUG] Writing io/github/rollylindenshnizzer/nexuscore/api/client/particle/NexusGuiParticleStyle$Builder with maxs=true frames=true
[Architectury Transformer DEBUG] Writing io/github/rollylindenshnizzer/nexuscore/api/client/particle/NexusGuiParticles$TextureFrame with maxs=true frames=true
[Architectury Transformer DEBUG] Writing io/github/rollylindenshnizzer/nexuscore/api/client/glitch/NexusFramebufferGlitches$RegisteredEffect with maxs=true frames=true
[Architectury Transformer DEBUG] Writing io/github/rollylindenshnizzer/nexuscore/api/client/glitch/NexusFramebufferGlitches$GlitchRequest with maxs=true frames=true
[Architectury Transformer DEBUG] Writing io/github/rollylindenshnizzer/nexuscore/api/client/glitch/NexusGlitchBounds with maxs=true frames=true
[Architectury Transformer DEBUG] Writing io/github/rollylindenshnizzer/nexuscore/api/client/glitch/NexusFramebufferGlitches with maxs=true frames=true
[Architectury Transformer DEBUG] Closed File Systems for C:\Users\Roland Lindenfelser\Documents\Repositories\NexusCore\common\build\libs\nexuscore-common-1.0.0-transformProductionNeoForge.jar
[Architectury Transformer] Transformed jar with 5 transformer(s) in 1.754 s
[Architectury Transformer DEBUG] Closed File Systems for C:\Users\Roland Lindenfelser\Documents\Repositories\NexusCore\common\build\libs\nexuscore-common-1.0.0.jar
